go : # firefly-task/aws
At line:1 char:1
+ go test -v ./... 2> test_output.txt
+ ~~~~~~~~~~~~~~~~~~~~~~~~~~~~~~~~~~~
    + CategoryInfo          : NotSpecified: (# firefly-task/aws:String) [], RemoteException
    + FullyQualifiedErrorId : NativeCommandError
 
aws\concrete_test.go:12:2: no required module provides package github.com/aws/aws-sdk-go-v2/service/s3; to add it:
	go get github.com/aws/aws-sdk-go-v2/service/s3
# firefly-task/pkg/container
pkg\container\container_test.go:105:3: expected ';', found `
	// Test retrieval of non-existent service
	retrieved, err = container.Get("non-existent")
	assert.Error(t, err)
	assert.Nil(t, retrieved)
	assert.Contains(t, err.Error(), "service 'non-existent' not found")
`
# firefly-task/report
report\concrete_test.go:17:2: no required module provides package gopkg.in/yaml.v2; to add it:
	go get gopkg.in/yaml.v2
# firefly-task/report
report\cicd.go:171:13: result.Drifted undefined (type *interfaces.DriftResult has no field or method Drifted)
report\cicd.go:184:14: result.Drifted undefined (type *interfaces.DriftResult has no field or method Drifted)
report\cicd.go:212:13: result.Drifted undefined (type *interfaces.DriftResult has no field or method Drifted)
report\cicd.go:391:13: result.Drifted undefined (type *interfaces.DriftResult has no field or method Drifted)
report\cicd.go:425:14: result.Drifted undefined (type *interfaces.DriftResult has no field or method Drifted)
report\cicd.go:582:13: result.Drifted undefined (type *interfaces.DriftResult has no field or method Drifted)
report\cicd.go:1077:13: result.Drifted undefined (type *interfaces.DriftResult has no field or method Drifted)
report\concrete.go:247:13: result.Drifted undefined (type *interfaces.DriftResult has no field or method Drifted)
report\console.go:130:13: result.Drifted undefined (type *interfaces.DriftResult has no field or method Drifted)
report\console.go:266:13: result.Drifted undefined (type *interfaces.DriftResult has no field or method Drifted)
report\console.go:266:13: too many errors
